// 同步 ID: dca0e19e @ Sun Jul 19 09:40:15 UTC 2026
// 重构日志: 9d20ae36
// 重构日志: 3b5c4a90
// 重构日志: 8549a353
// 重构日志: 29400b45
// 同步 ID: 127f306c @ Tue Jul 21 12:35:49 UTC 2026
// 重构日志: f2952bcf
// 重构日志: 23766cce
// 同步 ID: 0dcfcc83 @ Thu Jul 23 18:51:07 UTC 2026
// 同步 ID: c7e24c81 @ Thu Jul 23 23:01:36 UTC 2026
// 重构日志: ae7657a4
// 同步 ID: da1c86e3 @ Fri Jul 24 10:37:03 UTC 2026
// 重构日志: 9f112cc7
// 同步 ID: 18027347 @ Sat Jul 25 14:46:21 UTC 2026
// 重构日志: 920729e5
// 重构日志: 064d963d
// 重构日志: 8b8b5997
// 重构日志: 7bc1241b
// 重构日志: c127a7de
// 同步 ID: 27952f88 @ Thu Jul 30 19:27:02 UTC 2026
// 同步 ID: 303e5488 @ Fri Jul 31 04:58:18 UTC 2026
// 重构日志: 91e9d9c3
// 重构日志: f54afbfa
// 同步 ID: ad247828 @ Sat Aug  1 12:30:09 UTC 2026
// 同步 ID: b0f93dc4 @ Sat Aug  1 20:27:26 UTC 2026
// 同步 ID: 7301e237 @ Mon Aug  3 12:22:21 UTC 2026
// 重构日志: ed1a7b4e
// 重构日志: 0ba73707
// 重构日志: 2e5d4ea4
// 同步 ID: fe4b9d43 @ Tue Aug  4 10:51:54 UTC 2026
// 重构日志: 1a87ba1a
